src/app/(admin)/admin/catalogos/CatalogosClient.tsx(428,99): error TS2322: Type '{ className: string; title: string; }' is not assignable to type 'IntrinsicAttributes & Omit<LucideProps, "ref"> & RefAttributes<SVGSVGElement>'.
  Property 'title' does not exist on type 'IntrinsicAttributes & Omit<LucideProps, "ref"> & RefAttributes<SVGSVGElement>'.
src/app/(admin)/admin/equipos/EquiposPageClient.tsx(109,127): error TS2802: Type 'Set<string>' can only be iterated through when using the '--downlevelIteration' flag or with a '--target' of 'es2015' or higher.
src/app/actions/catalogos.ts(113,67): error TS2339: Property 'errors' does not exist on type 'ZodError<{ nombre: string; activa: boolean; descripcion?: string | null | undefined; }>'.
src/app/actions/catalogos.ts(135,67): error TS2339: Property 'errors' does not exist on type 'ZodError<{ nombre?: string | undefined; descripcion?: string | null | undefined; activa?: boolean | undefined; }>'.
src/app/actions/catalogos.ts(179,67): error TS2339: Property 'errors' does not exist on type 'ZodError<{ nombre: string; unidad_medida: string; activo: boolean; codigo?: string | null | undefined; descripcion?: string | null | undefined; }>'.
src/app/actions/catalogos.ts(201,67): error TS2339: Property 'errors' does not exist on type 'ZodError<{ nombre?: string | undefined; codigo?: string | null | undefined; unidad_medida?: string | undefined; descripcion?: string | null | undefined; activo?: boolean | undefined; }>'.
src/app/actions/catalogos.ts(243,67): error TS2339: Property 'errors' does not exist on type 'ZodError<{ cliente_id: string; nombre: string; activa: boolean; descripcion?: string | null | undefined; }>'.
src/app/actions/catalogos.ts(262,67): error TS2339: Property 'errors' does not exist on type 'ZodError<{ cliente_id?: string | undefined; nombre?: string | undefined; descripcion?: string | null | undefined; activa?: boolean | undefined; }>'.
src/app/actions/catalogos.ts(304,67): error TS2339: Property 'errors' does not exist on type 'ZodError<{ categoria_id: string; descripcion: string; orden: number; obligatoria: boolean; activa: boolean; }>'.
src/app/actions/catalogos.ts(323,67): error TS2339: Property 'errors' does not exist on type 'ZodError<{ categoria_id?: string | undefined; descripcion?: string | undefined; orden?: number | undefined; obligatoria?: boolean | undefined; activa?: boolean | undefined; }>'.
src/app/actions/clientes.ts(95,50): error TS2339: Property 'errors' does not exist on type 'ZodError<{ razon_social: string; activo: boolean; ruc?: string | null | undefined; email?: string | null | undefined; telefono?: string | null | undefined; direccion?: string | null | undefined; }>'.
src/app/actions/clientes.ts(133,50): error TS2339: Property 'errors' does not exist on type 'ZodError<{ razon_social?: string | undefined; ruc?: string | null | undefined; email?: string | null | undefined; telefono?: string | null | undefined; direccion?: string | null | undefined; activo?: boolean | undefined; }>'.
src/app/actions/contratos.ts(103,50): error TS2339: Property 'errors' does not exist on type 'ZodError<{ cliente_id: string; numero_contrato: string; fecha_inicio: string; tipo_contrato: string; activo: boolean; fecha_fin?: string | null | undefined; observaciones?: string | null | undefined; }>'.
src/app/actions/contratos.ts(147,50): error TS2339: Property 'errors' does not exist on type 'ZodError<{ cliente_id?: string | undefined; numero_contrato?: string | undefined; fecha_inicio?: string | undefined; fecha_fin?: string | null | undefined; tipo_contrato?: string | undefined; observaciones?: string | ... 1 more ... | undefined; activo?: boolean | undefined; }>'.
src/mocks/reportes.ts(62,5): error TS2740: Type '{ id: string; equipo_id: string; tecnico_principal_id: string; tipo_mantenimiento_id: string; estado_reporte: "borrador"; fecha_inicio: string; fecha_fin: null; diagnostico: null; trabajo_realizado: null; ... 22 more ...; tipo_nombre: string; }' is missing the following properties from type 'ReporteResuelto': hora_entrada, hora_salida, ciudad, solicitado_por, and 6 more.
src/mocks/reportes.ts(87,5): error TS2740: Type '{ id: string; equipo_id: string; tecnico_principal_id: string; tipo_mantenimiento_id: string; estado_reporte: "pendiente_firma_tecnico"; fecha_inicio: string; fecha_fin: string; diagnostico: string; ... 23 more ...; tipo_nombre: string; }' is missing the following properties from type 'ReporteResuelto': hora_entrada, hora_salida, ciudad, solicitado_por, and 6 more.
src/mocks/reportes.ts(111,5): error TS2740: Type '{ id: string; equipo_id: string; tecnico_principal_id: string; tipo_mantenimiento_id: string; estado_reporte: "pendiente_firma_cliente"; fecha_inicio: string; fecha_fin: string; diagnostico: string; ... 23 more ...; tipo_nombre: string; }' is missing the following properties from type 'ReporteResuelto': hora_entrada, hora_salida, ciudad, solicitado_por, and 6 more.
src/mocks/reportes.ts(135,5): error TS2740: Type '{ id: string; equipo_id: string; tecnico_principal_id: string; tipo_mantenimiento_id: string; estado_reporte: "cerrado"; fecha_inicio: string; fecha_fin: string; diagnostico: string; trabajo_realizado: string; ... 22 more ...; tipo_nombre: string; }' is missing the following properties from type 'ReporteResuelto': hora_entrada, hora_salida, ciudad, solicitado_por, and 6 more.
src/mocks/reportes.ts(163,5): error TS2740: Type '{ id: string; equipo_id: string; tecnico_principal_id: string; tipo_mantenimiento_id: string; estado_reporte: "cerrado"; fecha_inicio: string; fecha_fin: string; diagnostico: string; trabajo_realizado: string; ... 22 more ...; tipo_nombre: string; }' is missing the following properties from type 'ReporteResuelto': hora_entrada, hora_salida, ciudad, solicitado_por, and 6 more.
src/mocks/reportes.ts(191,5): error TS2740: Type '{ id: string; equipo_id: string; tecnico_principal_id: string; tipo_mantenimiento_id: string; estado_reporte: "anulado"; fecha_inicio: string; fecha_fin: null; diagnostico: null; trabajo_realizado: null; ... 22 more ...; tipo_nombre: string; }' is missing the following properties from type 'ReporteResuelto': hora_entrada, hora_salida, ciudad, solicitado_por, and 6 more.
